forwardChanges:
  AtPath "/api/foo":
    InOperation GetMethod:
      WithStatusCode 200:
        ResponsePayload:
          PayloadSchema: UnguardedRecursion
backwardChanges:
  AtPath "/api/foo":
    InOperation GetMethod:
      WithStatusCode 200:
        ResponsePayload:
          PayloadSchema: UnguardedRecursion
