forwardChanges:
  AtPath "/foo":
    InOperation GetMethod:
      WithStatusCode 200:
        ResponsePayload:
          PayloadSchema:
            OfType Object:
              InProperty "bar": UnguardedRecursion
backwardChanges:
  AtPath "/foo":
    InOperation GetMethod:
      WithStatusCode 200:
        ResponsePayload:
          PayloadSchema:
            OfType Object:
              InProperty "bar": UnguardedRecursion
