forwardChanges: {}
backwardChanges:
  AtPath "/test":
    InOperation PostMethod:
      WithStatusCode 200: ConsumerDoesntHaveMediaType application/x-www-form-urlencoded
