Left:
  AtPath "/test":
    InOperation PostMethod: ResponseCodeNotFound 500
