breakingChanges:
  AtPath "/test":
    InOperation PostMethod: ParamNotMatched "test2"
nonBreakingChanges: {}
