Left:
  AtPath (ProdCons {producer = "/test", consumer = "/test"}):
    InOperation PostMethod:
      WithStatusCode 200:
        ResponsePayload:
          PayloadSchema:
            OfType Boolean: NoContradiction
