breakingChanges: {}
nonBreakingChanges:
  AtPath "/test":
    InOperation PostMethod: ConsumerDoesntHaveResponseCode 500
