Left:
  AtPath "/test":
    InOperation PostMethod:
      InRequest:
        InPayload:
          PayloadSchema:
            OfType Object: PropertyNowRequired "property2"
