Left:
  OpenApiPathsStep:
    PathStep "/test":
      PostStep:
        OperationRequestBodyStep:
          InlineStep:
            MediaTypeStep application/json:
              MediaTypeSchema:
                InlineStep: NoContradiction
