Left:
  OpenApiPathsStep:
    MatchedPathStep "/test":
      PostStep:
        OperationRequestBodyStep:
          InlineStep: RequestBodyRequired
