openapi: "3.0.0"
info:
  version: 1.0.0
  title: Test
servers:
  - url: http://localhost/
paths:
  /test1:
    post:
      requestBody:
        content:
          application/json:
            schema:
              $ref: "#/components/schemas/Test"
      responses:
        '200':
          description: test
          content:
            application/json:
              schema:
                $ref: "#/components/schemas/Test"
  /test2:
    post:
      requestBody:
        content:
          application/json:
            schema:
              $ref: "#/components/schemas/Test"
      responses:
        '200':
          description: test
          content:
            application/json:
              schema:
                $ref: "#/components/schemas/Test"
  /test3:
    post:
      requestBody:
        content:
          application/json:
            schema:
              $ref: "#/components/schemas/Test"
      responses:
        '200':
          description: test
          content:
            application/json:
              schema:
                $ref: "#/components/schemas/Test"
components:
  schemas:
    Test:
      type: array
      items:
        - type: number
        - type: number
