Left:
  AtPath (ProdCons {producer = "/pets", consumer = "/pets"}):
    InOperation GetMethod:
      InServer "http://{x}variable.path/{y}/{openVariable1}/{openVariable2}":
      - EnumValueNotConsumed 1 "a"
      - ConsumerNotOpen 7
      InServer "http://missing.url": ServerNotMatched
