breakingChanges:
  AtPath "/test":
    InOperation PostMethod:
      WithStatusCode 200:
        ResponsePayload:
          PayloadSchema:
            OfType Object: PartitionBecomesEmpty (PInProperty "tag" PHere,CByEnumValue
              (fromList [String "C"]))
nonBreakingChanges:
  AtPath "/test":
    InOperation PostMethod:
      InRequest:
        InPayload:
          PayloadSchema:
            OfType Object: PartitionBecomesEmpty (PInProperty "tag" PHere,CByEnumValue
              (fromList [String "C"]))
