Left:
  OpenApiPathsStep:
    MatchedPathStep "/test":
      PostStep:
        OperationRequestBodyStep:
          InlineStep:
            RequestMediaTypeObject application/json:
              MediaTypeSchema:
                InlineStep: NoContradiction
