breakingChanges:
  AtPath "/oauth/sign_out":
    InOperation GetMethod:
      SecurityRequirementStep 1:
        SecuritySchemeStep "oauth": SecuritySchemeNotMatched
  AtPath "/oauth/check":
    InOperation PostMethod:
      SecurityRequirementStep 0:
        SecuritySchemeStep "oauth": SecuritySchemeNotMatched
nonBreakingChanges:
  AtPath "/oauth/check":
    InOperation PostMethod:
      SecurityRequirementStep 0:
        SecuritySchemeStep "spa-oauth": SecuritySchemeNotMatched
