Left:
  AtPath "/test":
    InOperation PostMethod:
      InRequest:
        InPayload:
          PayloadSchema:
            OfType Object: UnexpectedProperty "property2"
      WithStatusCode 200:
        ResponsePayload:
          PayloadSchema:
            OfType Object: PropertyNowRequired "property2"
