Left:
  OpenApiPathsStep:
    MatchedPathStep "/test":
      PostStep:
        OperationRequestBodyStep:
          InlineStep: RequestMediaTypeNotFound application/x-www-form-urlencoded
