Left:
  OpenApiPathsStep:
    MatchedPathStep "/test":
      PostStep:
        OperationParamsStep:
          InlineStep:
            ParamSchema:
              InlineStep: NoContradiction
