breakingChanges: {}
nonBreakingChanges:
  AtPath "/test":
    InOperation PostMethod:
      WithStatusCode 200: ProducerDoesntHaveResponseHeader "Test2"
