breakingChanges: {}
nonBreakingChanges:
  AtPath "/test":
    InOperation PostMethod:
      InRequest: RequestBodyRequired
