Left:
  OpenApiPathsStep:
    MatchedPathStep "/test":
      OperationMethodStep PostMethod:
        OperationResponsesStep:
          ResponseCodeStep 200:
            InlineStep:
              ResponseMediaObject application/x-www-form-urlencoded: ResponseMediaTypeMissing
