Left:
  OpenApiPathsStep:
    PathStep "/test":
      PostStep:
        OperationRequestBodyStep:
          InlineStep: RequestBodyRequired
