Left:
  OpenApiPathsStep:
    MatchedPathStep "/test":
      OperationMethodStep PostMethod:
        OperationRequestBodyStep:
          InlineStep:
            RequestMediaTypeObject application/json:
              MediaTypeSchema:
                ReferencedStep (Reference {getReference = "Test"}):
                  MaximumFields: MatchingMaximumWeak (Inclusive 2.0) (Inclusive 3.0)
